COMMAND: npm run build
INPUT: cwd=E:\Web-thi-thpt

> web-thi-thpt-next@0.1.0 build
> next build

▲ Next.js 16.3.1 (Turbopack)
- Environments: .env.local
✓ Running next.config.ts took 38ms

  Creating an optimized production build ...
✓ Compiled successfully in 2.6s
  Running TypeScript ...
  Finished TypeScript in 11.7s ...
  Collecting page data using 7 workers ...
  Generating static pages using 7 workers (0/11) ...
  Generating static pages using 7 workers (2/11) 
  Generating static pages using 7 workers (5/11) 
  Generating static pages using 7 workers (8/11) 
✓ Generating static pages using 7 workers (11/11) in 921ms
  Finalizing page optimization ...

Route (app)
┌ ƒ /
├ ƒ /_not-found
├ ƒ /admin
├ ƒ /admin/authoring
├ ƒ /admin/compose
├ ƒ /auth/confirm
├ ƒ /exam
├ ƒ /exam/[sessionId]
├ ƒ /join/[roomId]
├ ƒ /practice/[subjectCode]
├ ƒ /profile
├ ƒ /register
├ ƒ /reset-password
├ ƒ /result
├ ƒ /result/[sessionId]
├ ƒ /room-key
├ ƒ /subjects
└ ƒ /subjects/[subjectCode]


ƒ Proxy (Middleware)

ƒ  (Dynamic)  server-rendered on demand

EXIT_STATUS: 0
