COMMAND: npm.cmd audit --omit=dev
INPUT: cwd=E:\Web-thi-thpt
# npm audit report

nanoid  <=3.3.17
Severity: high
nanoid: non-secure generators can loop indefinitely with negative size - https://github.com/advisories/GHSA-28wg-ghj8-5hjv
nanoid: custom generators can loop indefinitely when size is zero - https://github.com/advisories/GHSA-2v37-7h3g-55p8
fix available via `npm audit fix`
node_modules/nanoid

next  9.3.4-canary.0 - 16.3.0-preview.10
Severity: high
Next.js: Middleware / Proxy bypass in App Router applications using Turbopack and single locale - https://github.com/advisories/GHSA-6gpp-xcg3-4w24
Next.js: Denial of Service in App Router using Server Actions - https://github.com/advisories/GHSA-m99w-x7hq-7vfj
Next.js: Server-Side Request Forgery in Server Actions on custom servers - https://github.com/advisories/GHSA-89xv-2m56-2m9x
Next.js: Cache confusion of response bodies for requests with bodies - https://github.com/advisories/GHSA-68g3-v927-f742
Next.js: Cache confusion of response bodies for requests with bodies containing invalid UTF-8 byte sequences - https://github.com/advisories/GHSA-4633-3j49-mh5q
Next.js: Unbounded Server Action payload in Edge runtime - https://github.com/advisories/GHSA-4c39-4ccg-62r3
Next.js: Server-Side Request Forgery in rewrites via attacker-controlled destination hostname - https://github.com/advisories/GHSA-p9j2-gv94-2wf4
Next.js: Denial of Service in the Image Optimization API using SVGs - https://github.com/advisories/GHSA-q8wf-6r8g-63ch
Next.js: Unauthenticated disclosure of internal Server Function endpoints - https://github.com/advisories/GHSA-955p-x3mx-jcvp
Depends on vulnerable versions of postcss
Depends on vulnerable versions of sharp
fix available via `npm audit fix --force`
Will install next@16.3.1, which is outside the stated dependency range
node_modules/next

postcss  <=8.5.22
Severity: high
PostCSS has XSS via Unescaped </style> in its CSS Stringify Output - https://github.com/advisories/GHSA-qx2v-qp2m-jg93
PostCSS: Arbitrary file read and information disclosure via attacker-controlled sourceMappingURL in CSS comments - https://github.com/advisories/GHSA-6g55-p6wh-862q
PostCSS: incomplete fix of GHSA-6g55-p6wh-862q — attacker-controlled sourceMappingURL reads arbitrary .map files when `from` is unset - https://github.com/advisories/GHSA-fxqj-rqcc-2cmp
PostCSS: Path Traversal in Previous Source Map Auto-Loading (sourceMappingURL) leads to Arbitrary .map File Disclosure - https://github.com/advisories/GHSA-r28c-9q8g-f849
fix available via `npm audit fix --force`
Will install next@16.3.1, which is outside the stated dependency range
node_modules/postcss

sharp  <0.35.0
Severity: high
sharp inherited vulnerabilities in libvips: CVE-2026-33327, CVE-2026-33328, CVE-2026-35590, CVE-2026-35591 - https://github.com/advisories/GHSA-f88m-g3jw-g9cj
fix available via `npm audit fix --force`
Will install next@16.3.1, which is outside the stated dependency range
node_modules/sharp

4 high severity vulnerabilities

To address issues that do not require attention, run:
  npm audit fix

To address all issues, run:
  npm audit fix --force
EXIT_STATUS: 1
